  Determining projects to restore...
  Restored C:\Users\Varun\Documents\GitHub\Varun-LLT\LenovoLegionToolkit.CLI.Lib\LenovoLegionToolkit.CLI.Lib.csproj (in 2.95 sec).
  Restored C:\Users\Varun\Documents\GitHub\Varun-LLT\LenovoLegionToolkit.Lib.Macro\LenovoLegionToolkit.Lib.Macro.csproj (in 2.97 sec).
  Restored C:\Users\Varun\Documents\GitHub\Varun-LLT\LenovoLegionToolkit.Lib.Automation\LenovoLegionToolkit.Lib.Automation.csproj (in 2.97 sec).
  Restored C:\Users\Varun\Documents\GitHub\Varun-LLT\LenovoLegionToolkit.Lib\LenovoLegionToolkit.Lib.csproj (in 2.97 sec).
  Restored C:\Users\Varun\Documents\GitHub\Varun-LLT\LenovoLegionToolkit.WPF\LenovoLegionToolkit.WPF.csproj (in 3.01 sec).
  LenovoLegionToolkit.CLI.Lib -> C:\Users\Varun\Documents\GitHub\Varun-LLT\LenovoLegionToolkit.CLI.Lib\bin\release\net9.0-windows\win-x64\LenovoLegionToolkit.CLI.Lib.dll
C:\Users\Varun\Documents\GitHub\Varun-LLT\LenovoLegionToolkit.Lib\AutoListeners\AbstractAutoListener.cs(4,7): warning CS0105: The using directive for 'LenovoLegionToolkit.Lib.Utils' appeared previously in this namespace [C:\Users\Varun\Documents\GitHub\Varun-LLT\LenovoLegionToolkit.Lib\LenovoLegionToolkit.Lib.csproj]
C:\Users\Varun\Documents\GitHub\Varun-LLT\LenovoLegionToolkit.Lib\Controllers\AIController.cs(13,7): warning CS0105: The using directive for 'LenovoLegionToolkit.Lib.Utils' appeared previously in this namespace [C:\Users\Varun\Documents\GitHub\Varun-LLT\LenovoLegionToolkit.Lib\LenovoLegionToolkit.Lib.csproj]
C:\Users\Varun\Documents\GitHub\Varun-LLT\LenovoLegionToolkit.Lib\Controllers\GPUController.cs(11,7): warning CS0105: The using directive for 'LenovoLegionToolkit.Lib.Utils' appeared previously in this namespace [C:\Users\Varun\Documents\GitHub\Varun-LLT\LenovoLegionToolkit.Lib\LenovoLegionToolkit.Lib.csproj]
C:\Users\Varun\Documents\GitHub\Varun-LLT\LenovoLegionToolkit.Lib\Controllers\RGBKeyboardBacklightController.cs(14,7): warning CS0105: The using directive for 'LenovoLegionToolkit.Lib.Utils' appeared previously in this namespace [C:\Users\Varun\Documents\GitHub\Varun-LLT\LenovoLegionToolkit.Lib\LenovoLegionToolkit.Lib.csproj]
C:\Users\Varun\Documents\GitHub\Varun-LLT\LenovoLegionToolkit.Lib\Controllers\SmartFnLockController.cs(6,7): warning CS0105: The using directive for 'LenovoLegionToolkit.Lib.Utils' appeared previously in this namespace [C:\Users\Varun\Documents\GitHub\Varun-LLT\LenovoLegionToolkit.Lib\LenovoLegionToolkit.Lib.csproj]
C:\Users\Varun\Documents\GitHub\Varun-LLT\LenovoLegionToolkit.Lib\Controllers\SpectrumKeyboardBacklightController.cs(14,7): warning CS0105: The using directive for 'LenovoLegionToolkit.Lib.Utils' appeared previously in this namespace [C:\Users\Varun\Documents\GitHub\Varun-LLT\LenovoLegionToolkit.Lib\LenovoLegionToolkit.Lib.csproj]
  LenovoLegionToolkit.Lib -> C:\Users\Varun\Documents\GitHub\Varun-LLT\LenovoLegionToolkit.Lib\bin\release\net9.0-windows\win-x64\LenovoLegionToolkit.Lib.dll
  LenovoLegionToolkit.Lib.Macro -> C:\Users\Varun\Documents\GitHub\Varun-LLT\LenovoLegionToolkit.Lib.Macro\bin\release\net9.0-windows\win-x64\LenovoLegionToolkit.Lib.Macro.dll
C:\Users\Varun\Documents\GitHub\Varun-LLT\LenovoLegionToolkit.Lib.Automation\AutomationProcessor.cs(13,7): warning CS0105: The using directive for 'LenovoLegionToolkit.Lib.Utils' appeared previously in this namespace [C:\Users\Varun\Documents\GitHub\Varun-LLT\LenovoLegionToolkit.Lib.Automation\LenovoLegionToolkit.Lib.Automation.csproj]
  LenovoLegionToolkit.Lib.Automation -> C:\Users\Varun\Documents\GitHub\Varun-LLT\LenovoLegionToolkit.Lib.Automation\bin\release\net9.0-windows\win-x64\LenovoLegionToolkit.Lib.Automation.dll
C:\Users\Varun\Documents\GitHub\Varun-LLT\LenovoLegionToolkit.WPF\Compat\WpfUiCompat.cs(636,1): error CS1022: Type or namespace definition, or end-of-file expected [C:\Users\Varun\Documents\GitHub\Varun-LLT\LenovoLegionToolkit.WPF\LenovoLegionToolkit.WPF_wc5prgmz_wpftmp.csproj]

Build FAILED.

C:\Users\Varun\Documents\GitHub\Varun-LLT\LenovoLegionToolkit.Lib\AutoListeners\AbstractAutoListener.cs(4,7): warning CS0105: The using directive for 'LenovoLegionToolkit.Lib.Utils' appeared previously in this namespace [C:\Users\Varun\Documents\GitHub\Varun-LLT\LenovoLegionToolkit.Lib\LenovoLegionToolkit.Lib.csproj]
C:\Users\Varun\Documents\GitHub\Varun-LLT\LenovoLegionToolkit.Lib\Controllers\AIController.cs(13,7): warning CS0105: The using directive for 'LenovoLegionToolkit.Lib.Utils' appeared previously in this namespace [C:\Users\Varun\Documents\GitHub\Varun-LLT\LenovoLegionToolkit.Lib\LenovoLegionToolkit.Lib.csproj]
C:\Users\Varun\Documents\GitHub\Varun-LLT\LenovoLegionToolkit.Lib\Controllers\GPUController.cs(11,7): warning CS0105: The using directive for 'LenovoLegionToolkit.Lib.Utils' appeared previously in this namespace [C:\Users\Varun\Documents\GitHub\Varun-LLT\LenovoLegionToolkit.Lib\LenovoLegionToolkit.Lib.csproj]
C:\Users\Varun\Documents\GitHub\Varun-LLT\LenovoLegionToolkit.Lib\Controllers\RGBKeyboardBacklightController.cs(14,7): warning CS0105: The using directive for 'LenovoLegionToolkit.Lib.Utils' appeared previously in this namespace [C:\Users\Varun\Documents\GitHub\Varun-LLT\LenovoLegionToolkit.Lib\LenovoLegionToolkit.Lib.csproj]
C:\Users\Varun\Documents\GitHub\Varun-LLT\LenovoLegionToolkit.Lib\Controllers\SmartFnLockController.cs(6,7): warning CS0105: The using directive for 'LenovoLegionToolkit.Lib.Utils' appeared previously in this namespace [C:\Users\Varun\Documents\GitHub\Varun-LLT\LenovoLegionToolkit.Lib\LenovoLegionToolkit.Lib.csproj]
C:\Users\Varun\Documents\GitHub\Varun-LLT\LenovoLegionToolkit.Lib\Controllers\SpectrumKeyboardBacklightController.cs(14,7): warning CS0105: The using directive for 'LenovoLegionToolkit.Lib.Utils' appeared previously in this namespace [C:\Users\Varun\Documents\GitHub\Varun-LLT\LenovoLegionToolkit.Lib\LenovoLegionToolkit.Lib.csproj]
C:\Users\Varun\Documents\GitHub\Varun-LLT\LenovoLegionToolkit.Lib.Automation\AutomationProcessor.cs(13,7): warning CS0105: The using directive for 'LenovoLegionToolkit.Lib.Utils' appeared previously in this namespace [C:\Users\Varun\Documents\GitHub\Varun-LLT\LenovoLegionToolkit.Lib.Automation\LenovoLegionToolkit.Lib.Automation.csproj]
C:\Users\Varun\Documents\GitHub\Varun-LLT\LenovoLegionToolkit.WPF\Compat\WpfUiCompat.cs(636,1): error CS1022: Type or namespace definition, or end-of-file expected [C:\Users\Varun\Documents\GitHub\Varun-LLT\LenovoLegionToolkit.WPF\LenovoLegionToolkit.WPF_wc5prgmz_wpftmp.csproj]
    7 Warning(s)
    1 Error(s)

Time Elapsed 00:00:05.47
